A51 MACRO ASSEMBLER  LAB7                                                                 06/03/2018 18:26:37 PAGE     1


MACRO ASSEMBLER A51 V8.2.7.0
OBJECT MODULE PLACED IN .\Objects\lab7.obj
ASSEMBLER INVOKED BY: C:\Users\Gustavo\Documents\GitHub\MicroC\EEL7030\Keil\C51\BIN\A51.EXE lab7.asm SET(SMALL) DEBUG PR
                      INT(.\Listings\lab7.lst) OBJECT(.\Objects\lab7.obj) EP

LOC  OBJ            LINE     SOURCE

  0000                 1     RESET           EQU     00H
  0023                 2     LTSERIAL        EQU     23H ; local tratador
  0020                 3     STATE       EQU     20H
                       4     
0000                   5     ORG RESET  ;PC=0 depois de reset
0000 802E              6     JMP INICIO 
                       7     
0023                   8     ORG     LTSERIAL
0023 309904            9     JNB     TI, CLRRI
0026 C299             10     CLR TI
0028 8002             11     JMP CONTINUA
002A C298             12     CLRRI:          CLR RI
002C 752001           13     CONTINUA:       MOV STATE,#1H
002F 32               14                             RETI
                      15     
0030 75A890           16     INICIO:         MOV IE,#10010000B
0033 7598D0           17                             MOV SCON,#11010000B
0036 758920           18                             MOV TMOD,#00100000B
0039 758DFD           19                             MOV TH1,#0FDH
003C 758BFD           20                             MOV TL1,#0FDH
003F 758780           21                             MOV PCON,#80H
0042 D28E             22                             SETB TR1
0044 752000           23                             MOV STATE,#0H
0047 7820             24                             MOV R0,#STATE
                      25                             ;MOV DPTR,#TABELA -- Exemplo
                      26                             
0049 7441             27     VOLTA3:         MOV A,#41H
                      28                     
004B F599             29     VOLTA1:         MOV SBUF,A
                      30                             ;MOV SBUF,#'M' -- Exemplo
                      31     
004D B601FD           32     VOLTA2:         CJNE @R0,#1,VOLTA2
0050 752000           33                             MOV STATE,#0H
                      34                             
0053 04               35                             INC A
0054 B561F4           36                             CJNE A,61H,VOLTA1
                      37                             
0057 80F0             38                             JMP VOLTA3
                      39                             
                      40                             
                      41                             ;JMP VOLTA0
                      42                                     
                      43     ;TABELA:        DB 'Microcontrolador' -- Exemplo
                      44             
                      45     END
A51 MACRO ASSEMBLER  LAB7                                                                 06/03/2018 18:26:37 PAGE     2

SYMBOL TABLE LISTING
------ ----- -------


N A M E             T Y P E  V A L U E   ATTRIBUTES

CLRRI. . . . . . .  C ADDR   002AH   A   
CONTINUA . . . . .  C ADDR   002CH   A   
IE . . . . . . . .  D ADDR   00A8H   A   
INICIO . . . . . .  C ADDR   0030H   A   
LTSERIAL . . . . .  N NUMB   0023H   A   
PCON . . . . . . .  D ADDR   0087H   A   
RESET. . . . . . .  N NUMB   0000H   A   
RI . . . . . . . .  B ADDR   0098H.0 A   
SBUF . . . . . . .  D ADDR   0099H   A   
SCON . . . . . . .  D ADDR   0098H   A   
STATE. . . . . . .  N NUMB   0020H   A   
TH1. . . . . . . .  D ADDR   008DH   A   
TI . . . . . . . .  B ADDR   0098H.1 A   
TL1. . . . . . . .  D ADDR   008BH   A   
TMOD . . . . . . .  D ADDR   0089H   A   
TR1. . . . . . . .  B ADDR   0088H.6 A   
VOLTA1 . . . . . .  C ADDR   004BH   A   
VOLTA2 . . . . . .  C ADDR   004DH   A   
VOLTA3 . . . . . .  C ADDR   0049H   A   


REGISTER BANK(S) USED: 0 


ASSEMBLY COMPLETE.  0 WARNING(S), 0 ERROR(S)
