





              2500 A.D. 8085 CROSS ASSEMBLER   -   VERSION 3.41a
              --------------------------------------------------

                       INPUT  FILENAME :  CHAVES.ASM
                       OUTPUT FILENAME :  CHAVES.OBJ



    1                         	;;;;;;;;;;;;;;;;;;;;;;;;;;;;;;;;;;;;;;;;;;;;;;;;;;;;;;;;;;;
    2                         	;Chaves.asm - Utilizacao de perifericos
    3                         	;Prof. Roberto M. Ziller - 04.01.2000
    4                         	;;;;;;;;;;;;;;;;;;;;;;;;;;;;;;;;;;;;;;;;;;;;;;;;;;;;;;;;;;;
    5          20 00          	COMMAND EQU 20H
    6          21 00          	CHAVES  EQU 21H
    7          22 00          	LEDS    EQU 22H
    8   2000                  	        ORG 2000H
    9   2000   3E 02          	        MVI A,02H     ; Porta A como entrada, B como saida
   10   2002   D3 20          	        OUT COMMAND
   11   2004   DB 21          	LOOP:   IN CHAVES     ; Le chaves para o acumulador
   12   2006   D3 22          	        OUT LEDS      ; Acende os LEDs correspondentes
   13   2008   C3 04 20       	        JMP LOOP
   14   200B   C9             	        RET
   15   200C                  	        END
                                                                                                                          PAGE 2





*************  S Y M B O L I C   R E F E R E N C E   T A B L E  *************


CHAVES    = 0021    COMMAND   = 0020    LEDS      = 0022    LOOP        2004




         LINES ASSEMBLED :    15             ASSEMBLY ERRORS :    0   

