





              2500 A.D. 8085 CROSS ASSEMBLER   -   VERSION 3.41a
              --------------------------------------------------

                       INPUT  FILENAME :  SOMA.ASM
                       OUTPUT FILENAME :  SOMA.OBJ



    1                         	;;;;;;;;;;;;;;;;;;;;;;;;;;;;;;;;;;;;;;;;;;;;;;;;;;;;;;;;;;;;;
    2                         	;Soma.asm - soma de numeros em hexadecimal
    3                         	;Prof. Roberto M. Ziller - 04.01.2000
    4                         	;;;;;;;;;;;;;;;;;;;;;;;;;;;;;;;;;;;;;;;;;;;;;;;;;;;;;;;;;;;;;
    5   2000                  	        ORG 2000H
    6   2000   3A 22 20       	        LDA N           ; traz para A o valor de N
    7   2003   4F             	        MOV C,A         ; guarda este valor em C
    8   2004   21 23 20       	        LXI H,DADOS     ; aponta par HL p/ inicio da tabela
    9   2007   06 00          	        MVI B,00H       ; inicializa soma
   10   2009   7E             	LOOP:   MOV A,M         ; le dado apontado por HL
   11   200A   80             	        ADD B           ; soma acumulada em A
   12   200B   47             	        MOV B,A         ; e guardada em B
   13   200C   23             	        INX H           ; par HL aponta para o dado seguinte
   14   200D   0D             	        DCR C           ; um a menos para fazer
   15   200E   C2 09 20       	        JNZ LOOP        ; repete ate que C = 0
   16   2011   21 20 20       	        LXI H,RESULT    ; aponta HL p/ inicio do resultado
   17   2014   70             	        MOV M,B         ; guarda B na memoria
   18   2015   C3 15 20       	        JMP $           ; loop infinito, fica parado aqui
   19   2020                  	        ORG 2020H
   20   2020   00 00          	RESULT  DB 00H,00H
   21   2022   03             	N       DB 03H
   22   2023   01 02 03 04    	DADOS   DB 01H,02H,03H,04H,65H,76H,87H,98H,A9H
        2027   65 76 87 98 
        202B   A9 
   23   202C                  	        END
                                                                                                                          PAGE 2





*************  S Y M B O L I C   R E F E R E N C E   T A B L E  *************


DADOS       2023    LOOP        2009    N           2022    RESULT      2020




         LINES ASSEMBLED :    23             ASSEMBLY ERRORS :    0   

