C51 COMPILER V9.02   EXERCICIO1                                                            06/07/2012 14:05:16 PAGE 1   


C51 COMPILER V9.02, COMPILATION OF MODULE EXERCICIO1
OBJECT MODULE PLACED IN exercicio1.OBJ
COMPILER INVOKED BY: C:\Keil\C51\BIN\C51.EXE exercicio1.c BROWSE DEBUG OBJECTEXTEND

line level    source

   1          #include <reg51.h> // Arquivo com os endereços dos registradores do 8051
   2          
   3          unsigned char convert_7seg(unsigned char);
   4          
   5          void main()
   6          {
   7   1              short i;
   8   1              unsigned char j;
   9   1              P0 = 0x80;      //Habilita apenas o CS do decoder dos 7seg
  10   1              P3 = 0xFF;      //Mantem todos os pinos P3 em alto (P3.3 (A0) e P3.4 (A1) estão ligados ao decoder)
  11   1      
  12   1              while(1)
  13   1              {
  14   2                      for(j=9;j>0;j--)                        //Loop de 0 a 9. Por algum motivo o EDSIM dá problema ao mostrar o "0"
  15   2                      {
  16   3                              for(i=0; i<6000; i++);  //Criando delay
  17   3                              P1 = convert_7seg(j);   //Chama função e joga o dado da variável j nos displays 7seg
  18   3                      }
  19   2                      P1 = convert_7seg(0);
  20   2              }
  21   1      
  22   1      }
  23          
  24          unsigned char convert_7seg(unsigned char dado)
  25          {
  26   1              //Converte o dado enviado para (de 0 a 15) para o formato compativel com displays hexadecimais (sete segm
             -entos)
  27   1              unsigned char led;
  28   1              switch(dado)                                    // "GFEDCBA"
  29   1              {
  30   2                      case 0: led = 0x40; break;      // "1000000";
  31   2                      case 1: led = 0x79; break;      // "1111001";
  32   2                      case 2: led = 0x24; break;      // "0100100";
  33   2                      case 3: led = 0x30; break;      // "0110000";
  34   2                      case 4: led = 0x19; break;      // "0011001";
  35   2                      case 5: led = 0x12; break;      // "0010010";
  36   2                      case 6: led = 0x02; break;      // "0000010";
  37   2                      case 7: led = 0x78; break;      // "1111000";
  38   2                      case 8: led = 0x00; break;      // "0000000";
  39   2                      case 9: led = 0x10; break;      // "0010000";
  40   2                      case 10: led = 0x08; break; // "0001000";
  41   2                      case 11: led = 0x03; break; // "0000011";
  42   2                      case 12: led = 0x46; break; // "1000110";
  43   2                      case 13: led = 0x21; break; // "0100001";
  44   2                      case 14: led = 0x06; break; // "0000110";
  45   2                      case 15: led = 0x0E; break; // "0001110";
  46   2                      default: led = 0x80;            // "0000000";
  47   2              }
  48   1      
  49   1              return led;
  50   1      }


MODULE INFORMATION:   STATIC OVERLAYABLE
   CODE SIZE        =    178    ----
C51 COMPILER V9.02   EXERCICIO1                                                            06/07/2012 14:05:16 PAGE 2   

   CONSTANT SIZE    =   ----    ----
   XDATA SIZE       =   ----    ----
   PDATA SIZE       =   ----    ----
   DATA SIZE        =   ----       1
   IDATA SIZE       =   ----    ----
   BIT SIZE         =   ----    ----
END OF MODULE INFORMATION.


C51 COMPILATION COMPLETE.  0 WARNING(S),  0 ERROR(S)
